<html>
<body>
<pre>
<h1>礦ision Build Log</h1>
<h2>Tool Versions:</h2>
IDE-Version: μVision V5.18.0.0
Copyright (C) 2016 ARM Ltd and ARM Germany GmbH. All rights reserved.
License Information: li li, li, LIC=ZB430-BLC8E-G76R6-DIJNA-21WVQ-JDP0B
 
Tool Versions:
Toolchain:       MDK-ARM Standard  Version: 5.18
Toolchain Path:  C:\Keil_v5\ARM\ARMCC\Bin
C Compiler:      Armcc.exe V5.06 update 1 (build 61)
Assembler:       Armasm.exe V5.06 update 1 (build 61)
Linker/Locator:  ArmLink.exe V5.06 update 1 (build 61)
Library Manager: ArmAr.exe V5.06 update 1 (build 61)
Hex Converter:   FromElf.exe V5.06 update 1 (build 61)
CPU DLL:         SARMCM3.DLL V5.18
Dialog DLL:      DCM.DLL V1.13.6.0
Target DLL:      UL2CM3.DLL V1.157.5.0
Dialog DLL:      TCM.DLL V1.14.8.0
 
<h2>Project:</h2>
F:\项目：洗衣机控制器2016_4_5\程序\EFM32_DEMO\Project\EMF32_DEMO.uvprojx
Project File Date:  04/05/2016

<h2>Output:</h2>
*** Using Compiler 'V5.06 update 1 (build 61)', folder: 'C:\Keil_v5\ARM\ARMCC\Bin'
*** Note: Rebuilding project, since 'Options->Output->Create Batch File' is selected.
Rebuild target 'Target 1'
compiling main.c...
assembling startup_efm32tg.s...
compiling sysTick.c...
compiling system_efm32tg.c...
compiling em_acmp.c...
compiling em_adc.c...
compiling em_assert.c...
compiling em_cmu.c...
compiling em_dac.c...
compiling em_dbg.c...
compiling em_dma.c...
compiling em_emu.c...
compiling em_gpio.c...
compiling em_i2c.c...
compiling em_int.c...
compiling em_lcd.c...
compiling em_letimer.c...
compiling em_leuart.c...
compiling em_mpu.c...
compiling em_msc.c...
compiling em_prs.c...
compiling em_rmu.c...
compiling em_rtc.c...
compiling em_system.c...
compiling em_timer.c...
compiling em_usart.c...
compiling em_vcmp.c...
compiling em_wdog.c...
compiling bsp_acmp.c...
compiling bsp_adc.c...
compiling bsp_Dac.c...
compiling bsp_iic.c...
compiling bsp_key.c...
compiling bsp_lcd.c...
compiling bsp_Led.c...
compiling bsp_power_ctrl.c...
compiling bsp_ReedSwitch.c...
compiling bsp_rtc.c...
compiling bsp_spi.c...
compiling bsp_SX127X.c...
compiling bsp_Test.c...
compiling bsp_Timer.c...
compiling bsp_Uart.c...
compiling bsp_vcmp.c...
compiling bsp_wdt.c...
compiling sx1276-Hal.c...
compiling DealWithChar.c...
compiling DealWithTime.c...
compiling App_M6310.c...
compiling App_Agr.c...
compiling App_Para.c...
compiling App_Agr_Func.c...
compiling App_Agr_MakeFrame.c...
compiling App_Data.c...
compiling App_485RN.c...
compiling App_RTC.c...
compiling App_NL.c...
linking...
Program Size: Code=30340 RO-data=1328 RW-data=372 ZI-data=2940  
FromELF: creating hex file...
".\Objects\EMF32_DEMO.axf" - 0 Error(s), 0 Warning(s).

<h2>Collection of Component include folders:</h2>
  F:\项目：洗衣机控制器2016_4_5\程序\EFM32_DEMO\Project\RTE
  C:\Keil_v5\ARM\PACK\Keil\EFM32TGxxx_DFP\1.1.0\Device\EFM32TG\Include

<h2>Collection of Component Files used:</h2>
Build Time Elapsed:  00:07:52
</pre>
</body>
</html>
